// Jest Snapshot v1, https://goo.gl/fbAQLP

exports[`MyComponent should render intial layout 1`] = `
Array [
  <div>
    <input
      onChange={[Function]}
      type="text"
    />
  </div>,
]
`;
